Creating test database for alias 'default' ('file:memorydb_default?mode=memory&cache=shared')...
Found 5 test(s).
Operations to perform:
  Synchronize unmigrated apps: colorfield, messages, staticfiles
  Apply all migrations: addresses, admin, admin_interface, admin_panel, auth, campaigns, contenttypes, orders, products, sessions
Synchronizing apps without migrations:
  Creating tables...
    Running deferred SQL...
Running migrations:
  Applying addresses.0001_initial... OK
  Applying contenttypes.0001_initial... OK
  Applying auth.0001_initial... OK
  Applying admin.0001_initial... OK
  Applying admin.0002_logentry_remove_auto_add... OK
  Applying admin.0003_logentry_add_action_flag_choices... OK
  Applying admin_interface.0001_initial... OK
  Applying admin_interface.0002_add_related_modal... OK
  Applying admin_interface.0003_add_logo_color... OK
  Applying admin_interface.0004_rename_title_color... OK
  Applying admin_interface.0005_add_recent_actions_visible... OK
  Applying admin_interface.0006_bytes_to_str... OK
  Applying admin_interface.0007_add_favicon... OK
  Applying admin_interface.0008_change_related_modal_background_opacity_type... OK
  Applying admin_interface.0009_add_enviroment... OK
  Applying admin_interface.0010_add_localization... OK
  Applying admin_interface.0011_add_environment_options... OK
  Applying admin_interface.0012_update_verbose_names... OK
  Applying admin_interface.0013_add_related_modal_close_button... OK
  Applying admin_interface.0014_name_unique... OK
  Applying admin_interface.0015_add_language_chooser_active... OK
  Applying admin_interface.0016_add_language_chooser_display... OK
  Applying admin_interface.0017_change_list_filter_dropdown... OK
  Applying admin_interface.0018_theme_list_filter_sticky... OK
  Applying admin_interface.0019_add_form_sticky... OK
  Applying admin_interface.0020_module_selected_colors... OK
  Applying admin_interface.0021_file_extension_validator... OK
  Applying admin_interface.0022_add_logo_max_width_and_height... OK
  Applying admin_interface.0023_theme_foldable_apps... OK
  Applying admin_interface.0024_remove_theme_css... OK
  Applying admin_interface.0025_theme_language_chooser_control... OK
  Applying admin_interface.0026_theme_list_filter_highlight... OK
  Applying admin_interface.0027_theme_list_filter_removal_links... OK
  Applying admin_interface.0028_theme_show_fieldsets_as_tabs_and_more... OK
  Applying admin_interface.0029_theme_css_generic_link_active_color... OK
  Applying admin_interface.0030_theme_collapsible_stacked_inlines_and_more... OK
  Applying admin_interface.0031_theme_form_actions_sticky... OK
  Applying admin_interface.0032_alter_theme_defaults... OK
  Applying admin_panel.0001_initial... OK
  Applying contenttypes.0002_remove_content_type_name... OK
  Applying auth.0002_alter_permission_name_max_length... OK
  Applying auth.0003_alter_user_email_max_length... OK
  Applying auth.0004_alter_user_username_opts... OK
  Applying auth.0005_alter_user_last_login_null... OK
  Applying auth.0006_require_contenttypes_0002... OK
  Applying auth.0007_alter_validators_add_error_messages... OK
  Applying auth.0008_alter_user_username_max_length... OK
  Applying auth.0009_alter_user_last_name_max_length... OK
  Applying auth.0010_alter_group_name_max_length... OK
  Applying auth.0011_update_proxy_permissions... OK
  Applying auth.0012_alter_user_first_name_max_length... OK
  Applying products.0001_initial... OK
  Applying products.0002_alter_product_options_alter_productimage_options_and_more... OK
  Applying campaigns.0001_initial... OK
  Applying campaigns.0002_alter_campaign_options_alter_campaignproduct_options_and_more... OK
  Applying campaigns.0003_sizeoption_remove_campaign_products_and_more... OK
  Applying campaigns.0004_campaign_is_active... OK
  Applying campaigns.0005_alter_campaign_cod_price_and_more... OK
  Applying campaigns.0006_campaign_order... OK
  Applying campaigns.0007_remove_campaign_order... OK
  Applying orders.0001_initial... OK
  Applying orders.0002_alter_order_options_alter_orderitem_options_and_more... OK
  Applying orders.0003_order_campaign_order_cargo_barcode_order_status... OK
  Applying orders.0004_order_city_fk_order_district_fk_and_more... OK
  Applying orders.0005_alter_order_campaign... OK
  Applying orders.0006_alter_order_campaign... OK
  Applying orders.0007_order_tracking_number... OK
  Applying sessions.0001_initial...test_campaign_creation (campaigns.tests.CampaignModelTest.test_campaign_creation)
Test campaign creation ... ok
test_slug_uniqueness (campaigns.tests.CampaignModelTest.test_slug_uniqueness)
Test slug uniqueness ... ok
test_product_ordering (campaigns.tests.CampaignProductModelTest.test_product_ordering)
Test that products are ordered by sort_order ... ok
test_campaign_detail_active (campaigns.tests.CampaignViewTest.test_campaign_detail_active)
Test that active campaign page loads correctly ... FAIL
test_campaign_detail_inactive (campaigns.tests.CampaignViewTest.test_campaign_detail_inactive)
Test that inactive campaign returns 404 ... ok

======================================================================
FAIL: test_campaign_detail_active (campaigns.tests.CampaignViewTest.test_campaign_detail_active)
Test that active campaign page loads correctly
----------------------------------------------------------------------
Traceback (most recent call last):
  File "/Users/macbook/Documents/Django Projects/Django Projects/Bussiness/butik/campaigns/tests.py", line 80, in test_campaign_detail_active
    self.assertContains(response, "Active Campaign")
    ~~~~~~~~~~~~~~~~~~~^^^^^^^^^^^^^^^^^^^^^^^^^^^^^
AssertionError: False is not true : Couldn't find 'Active Campaign' in the following response
b'<!DOCTYPE html>\n<html lang="tr">\n<head>\n    <meta charset="UTF-8">\n    <meta name="viewport" content="width=device-width, initial-scale=1.0">\n    <title>\xc4\xb0F\xc4\xb0 Butik</title>\n    \n    <!-- Tailwind CSS -->\n    <script src="https://cdn.tailwindcss.com"></script>\n    \n    <!-- HTMX -->\n    <script src="https://unpkg.com/htmx.org@1.9.10"></script>\n    \n    <!-- Alpine.js -->\n    <script defer src="https://cdn.jsdelivr.net/npm/alpinejs@3.13.3/dist/cdn.min.js"></script>\n    \n    <!-- Google Fonts -->\n    <link rel="preconnect" href="https://fonts.googleapis.com">\n    <link rel="preconnect" href="https://fonts.gstatic.com" crossorigin>\n    <link href="https://fonts.googleapis.com/css2?family=Inter:wght@300;400;500;600;700;800;900&display=swap" rel="stylesheet">\n    \n    <style>\n        [x-cloak] { display: none !important; }\n        .scroll-smooth { scroll-behavior: smooth; }\n        \n        /* Font Family */\n        body {\n            font-family: \'Inter\', sans-serif;\n        }\n        \n        /* Scrollbar Gizleme */\n        .no-scrollbar::-webkit-scrollbar {\n            display: none;\n        }\n        .no-scrollbar {\n            -ms-overflow-style: none;\n            scrollbar-width: none;\n        }\n        \n        /* Animated Gradient Background */\n        @keyframes gradient {\n            0% { background-position: 0% 50%; }\n            50% { background-position: 100% 50%; }\n            100% { background-position: 0% 50%; }\n        }\n        \n        .animated-gradient {\n            background: linear-gradient(-45deg, #ee7752, #e73c7e, #9C27B0, #E91E63);\n            background-size: 400% 400%;\n            animation: gradient 15s ease infinite;\n        }\n        \n        /* Glass Morphism */\n        .glass {\n            background: rgba(255, 255, 255, 0.1);\n            backdrop-filter: blur(10px);\n            -webkit-backdrop-filter: blur(10px);\n            border: 1px solid rgba(255, 255, 255, 0.2);\n        }\n        \n        .glass-white {\n            background: rgba(255, 255, 255, 0.7);\n            backdrop-filter: blur(2px);\n            -webkit-backdrop-filter: blur(10px);\n            border: 1px solid rgba(255, 255, 255, 0.3);\n        }\n        \n        /* Text Shadow */\n        .text-shadow {\n            text-shadow: 0 2px 4px rgba(0,0,0,0.1);\n        }\n        \n        .text-shadow-lg {\n            text-shadow: 0 4px 6px rgba(0,0,0,0.3);\n        }\n        \n        /* Glow Effects */\n        .glow-pink {\n            text-shadow: 0 0 20px rgba(233, 30, 99, 0.5);\n        }\n        \n        /* Gradient Text */\n        .gradient-text {\n            background: linear-gradient(135deg, #E91E63 0%, #9C27B0 100%);\n            -webkit-background-clip: text;\n            -webkit-text-fill-color: transparent;\n            background-clip: text;\n        }\n        \n        /* Pulse Animation */\n        @keyframes pulse-glow {\n            0%, 100% { \n                box-shadow: 0 0 0 0 rgba(233, 30, 99, 0.4);\n            }\n            50% { \n                box-shadow: 0 0 0 10px rgba(233, 30, 99, 0);\n            }\n        }\n        \n        .pulse-glow {\n            animation: pulse-glow 2s infinite;\n        }\n        \n        /* 3D Transform */\n        .transform-3d {\n            transform-style: preserve-3d;\n            transition: transform 0.3s ease;\n        }\n        \n        /* Shimmer Effect */\n        @keyframes shimmer {\n            0% {\n                background-position: -1000px 0;\n            }\n            100% {\n                background-position: 1000px 0;\n            }\n        }\n        \n        .shimmer {\n            background: linear-gradient(90deg, #f0f0f0 25%, #e0e0e0 50%, #f0f0f0 75%);\n            background-size: 1000px 100%;\n            animation: shimmer 2s infinite;\n        }\n        \n        /* Ripple Effect */\n        @keyframes ripple {\n            to {\n                transform: scale(4);\n                opacity: 0;\n            }\n        }\n        \n        .ripple {\n            position: absolute;\n            border-radius: 50%;\n            background: rgba(255, 255, 255, 0.5);\n            transform: scale(0);\n            animation: ripple 0.6s ease-out;\n            pointer-events: none;\n        }\n        \n        /* Marquee Smooth Transition */\n        .marquee-item {\n            transition: transform 0.1s linear;\n            will-change: transform;\n        }\n    </style>\n    \n    <script>\n        tailwind.config = {\n            theme: {\n                extend: {\n                    colors: {\n                        brand: {\n                            pink: \'#E91E63\',\n                            purple: \'#9C27B0\',\n                            coral: \'#FF6B6B\',\n                            dark: \'#333333\',\n                            light: \'#f8f8f8\'\n                        },\n                        gradient: {\n                            start: \'#E91E63\',\n                            middle: \'#9C27B0\',\n                            end: \'#FF6B6B\'\n                        }\n                    },\n                    animation: {\n                        \'gradient\': \'gradient 15s ease infinite\',\n                        \'pulse-glow\': \'pulse-glow 2s infinite\',\n                        \'shimmer\': \'shimmer 2s infinite\',\n                        \'float\': \'float 3s ease-in-out infinite\',\n                        \'slide-up\': \'slideUp 0.3s ease-out\',\n                        \'fade-in\': \'fadeIn 0.5s ease-out\'\n                    },\n                    keyframes: {\n                        float: {\n                            \'0%, 100%\': { transform: \'translateY(0px)\' },\n                            \'50%\': { transform: \'translateY(-10px)\' }\n                        },\n                        slideUp: {\n                            \'0%\': { transform: \'translateY(20px)\', opacity: \'0\' },\n                            \'100%\': { transform: \'translateY(0)\', opacity: \'1\' }\n                        },\n                        fadeIn: {\n                            \'0%\': { opacity: \'0\' },\n                            \'100%\': { opacity: \'1\' }\n                        }\n                    }\n                }\n            }\n        }\n    </script>\n</head>\n<body class="bg-gray-50 text-gray-800 font-sans antialiased relative">\n    <!-- Animated Gradient Background -->\n    <div class="fixed inset-0 animated-gradient opacity-5 pointer-events-none"></div>\n    \n    <!-- Decorative Shapes -->\n    <div class="fixed top-20 left-10 w-72 h-72 bg-gradient-to-br from-brand-pink to-brand-purple rounded-full opacity-10 blur-3xl pointer-events-none animate-float"></div>\n    <div class="fixed bottom-20 right-10 w-96 h-96 bg-gradient-to-tr from-brand-coral to-brand-pink rounded-full opacity-10 blur-3xl pointer-events-none animate-float" style="animation-delay: 1s;"></div>\n\n    <main class="min-h-screen">\n        \n<div x-data="campaignStore()" class="pb-24 relative">\n    \n    <!-- Header ve Banner -->\n    <div class="bg-white">\n        <!-- Logo Header (Glassmorphism) -->\n        <div class="py-4 text-center border-b border-white/20 sticky top-0 z-50 glass-white shadow-lg">\n            <h1 class="text-2xl font-black tracking-wider uppercase gradient-text animate-fade-in">\n                \xc4\xb0F\xc4\xb0 BUT\xc4\xb0K\n            </h1>\n        </div>\n\n        <!-- Banner -->\n        \n    </div>\n\n    <!-- Kampanya Se\xc3\xa7enekleri -->\n    \n\n    <!-- Ana \xc4\xb0\xc3\xa7erik -->\n    <div class="container max-w-md mx-auto px-4 mt-5 space-y-6">\n        \n        <!-- 1. \xc3\x9cr\xc3\xbcn Listesi -->\n        <div>\n            <div class="grid grid-cols-2 gap-x-4 gap-y-7">\n                \n            </div>\n        </div>\n\n        <!-- 2. Se\xc3\xa7ili \xc3\x9cr\xc3\xbcnler -->\n        <div class="scroll-mt-28" id="selected-products-area">\n            <div class="flex items-center gap-2 mb-4">\n                 <div class="w-10 h-10 bg-gradient-to-br from-brand-pink to-brand-purple rounded-full flex items-center justify-center">\n                     <svg class="w-5 h-5 text-white" fill="currentColor" viewBox="0 0 20 20"><path fill-rule="evenodd" d="M10 2a4 4 0 00-4 4v1H5a1 1 0 00-.994.89l-1 9A1 1 0 004 18h12a1 1 0 00.994-1.11l-1-9A1 1 0 0015 7h-1V6a4 4 0 00-4-4zm2 5V6a2 2 0 10-4 0v1h4zm-6 3a1 1 0 112 0 1 1 0 01-2 0zm7-1a1 1 0 100 2 1 1 0 000-2z" clip-rule="evenodd"/></svg>\n                 </div>\n                 <h2 class="text-lg font-black text-gray-800">Se\xc3\xa7ili \xc3\x9cr\xc3\xbcnler</h2>\n            </div>\n            \n            <!-- Kutular (Glassmorphism) -->\n            <div class="space-y-3">\n                <template x-for="i in minQty">\n                    <div class="glass-white rounded-2xl p-3 flex items-center gap-3 relative transition-all animate-slide-up"\n                         :class="selectedProducts[i-1] ? \'border-2 border-brand-pink shadow-lg transform scale-[1.02]\' : \'border border-gray-200 border-dashed pulse-glow\'"\n                         :style="`animation-delay: ${i * 0.1}s`">\n                        \n                        <!-- Sol G\xc3\xb6rsel Alan\xc4\xb1 -->\n                        <div class="w-16 h-20 rounded-xl flex items-center justify-center flex-none overflow-hidden"\n                             :class="selectedProducts[i-1] ? \'bg-white shadow-md\' : \'bg-gradient-to-br from-gray-100 to-gray-200\'">\n                            <template x-if="!selectedProducts[i-1]">\n                                <span class="text-2xl font-black gradient-text" x-text="i"></span>\n                            </template>\n                            <template x-if="selectedProducts[i-1]">\n                                <img :src="selectedProducts[i-1].image" class="w-full h-full object-cover rounded-xl">\n                            </template>\n                        </div>\n\n                        <!-- Orta Alan -->\n                        <div class="flex-1 min-w-0">\n                             <template x-if="!selectedProducts[i-1]">\n                                 <div class="flex items-center justify-between w-full pr-2 cursor-pointer" @click="window.scrollTo({top: 0, behavior: \'smooth\'})">\n                                     <span class="text-xs text-gray-400 font-medium" x-text="`${i}. \xc3\x9cr\xc3\xbcn\xc3\xbc se\xc3\xa7in`"></span>\n                                     <div class="w-6 h-6 rounded-full bg-gray-50 flex items-center justify-center text-gray-300">\n                                         <svg class="w-4 h-4" fill="none" stroke="currentColor" viewBox="0 0 24 24"><path stroke-linecap="round" stroke-linejoin="round" stroke-width="2" d="M5 15l7-7 7 7"></path></svg>\n                                     </div>\n                                 </div>\n                             </template>\n                             <template x-if="selectedProducts[i-1]">\n                                 <div>\n                                     <h4 class="text-xs font-bold text-gray-800 line-clamp-1" x-text="selectedProducts[i-1].name"></h4>\n                                     <span class="text-[10px] text-green-500 font-medium block mt-0.5">Se\xc3\xa7ildi</span>\n                                 </div>\n                             </template>\n                        </div>\n\n                        <!-- Kald\xc4\xb1r Butonu -->\n                        <template x-if="selectedProducts[i-1]">\n                            <button @click="removeProduct(i-1)" class="w-8 h-8 flex items-center justify-center text-gray-400 hover:text-red-500 transition-colors">\n                                <svg class="w-5 h-5" fill="none" stroke="currentColor" viewBox="0 0 24 24"><path stroke-linecap="round" stroke-linejoin="round" stroke-width="2" d="M19 7l-.867 12.142A2 2 0 0116.138 21H7.862a2 2 0 01-1.995-1.858L5 7m5 4v6m4-6v6m1-10V4a1 1 0 00-1-1h-4a1 1 0 00-1 1v3M4 7h16"></path></svg>\n                            </button>\n                        </template>\n                    </div>\n                </template>\n            </div>\n        </div>\n\n        <!-- Beden Se\xc3\xa7imi -->\n        <div x-show="totalSelected >= minQty" x-cloak x-transition>\n            <div class="flex items-center gap-2 mb-3">\n                 <svg class="w-4 h-4 text-brand-pink" fill="none" stroke="currentColor" viewBox="0 0 24 24"><path stroke-linecap="round" stroke-linejoin="round" stroke-width="2" d="M3 6l3 1m0 0l-3 9a5.002 5.002 0 006.001 0M6 7l3 9M6 7l6-2m6 2l3-1m-3 1l-3 9a5.002 5.002 0 006.001 0M18 7l3 9m-3-9l-6-2m0-2v2m0 16V5m0 16H9m3 0h3"></path></svg>\n                 <h2 class="text-sm font-bold text-gray-900">Beden Se\xc3\xa7imi</h2>\n            </div>\n\n            <div class="grid grid-cols-2 gap-3">\n                \n            </div>\n             <div class="mt-2 text-[10px] text-red-500 font-medium ml-1" x-show="showSizeError && !commonSize">\n                 * L\xc3\xbctfen bedeninizi se\xc3\xa7iniz.\n             </div>\n        </div>\n\n        <!-- 3. Teslimat Bilgileri -->\n        <div id="order-form-section" class="glass-white rounded-2xl shadow-lg p-6 border border-white/20">\n            <div class="flex items-center gap-3 mb-6">\n                <div class="w-10 h-10 bg-gradient-to-br from-brand-coral to-brand-pink rounded-full flex items-center justify-center">\n                    <svg class="w-5 h-5 text-white" fill="none" stroke="currentColor" viewBox="0 0 24 24"><path stroke-linecap="round" stroke-linejoin="round" stroke-width="2" d="M17.657 16.657L13.414 20.9a1.998 1.998 0 01-2.827 0l-4.244-4.243a8 8 0 1111.314 0z"></path><path stroke-linecap="round" stroke-linejoin="round" stroke-width="2" d="M15 11a3 3 0 11-6 0 3 3 0 016 0z"></path></svg>\n                </div>\n                <h2 class="text-lg font-black text-gray-900">Teslimat Bilgileri</h2>\n            </div>\n\n            <form hx-post="/orders/create/" hx-swap="none" x-data="{ submitting: false, showSizeError: false }" \n                  @submit="\n                    if(totalSelected < minQty) { \n                        alert(\'L\xc3\xbctfen en az \' + minQty + \' adet \xc3\xbcr\xc3\xbcn se\xc3\xa7iniz.\'); \n                        document.getElementById(\'selected-products-area\').scrollIntoView({behavior: \'smooth\'}); \n                        $event.preventDefault(); return; \n                    } \n                    if(!commonSize) { \n                        showSizeError = true;\n                        alert(\'L\xc3\xbctfen beden se\xc3\xa7iniz.\'); \n                        $event.preventDefault(); return; \n                    } \n                    submitting = true;">\n                <input type="hidden" name="csrfmiddlewaretoken" value="HLNYh1F3P5MO9I4NGqLxXMVX5UzyHDeCZdYTUXJc2CXTJddWe5VFNIHXfPOChtJL">\n                <input type="hidden" name="campaign_id" value="1">\n                \n                <template x-for="(prod, index) in selectedProducts">\n                    <div x-if="prod">\n                        <input type="hidden" name="selected_products[]" :value="prod.id">\n                        <input type="hidden" name="selected_sizes[]" :value="commonSize">\n                    </div>\n                </template>\n\n                <div class="space-y-4">\n                    <div class="space-y-3">\n                         <label class="text-[10px] font-bold text-gray-400 uppercase tracking-wider ml-1">Ki\xc5\x9fisel Bilgiler</label>\n                         <div class="grid grid-cols-2 gap-3">\n                             <input type="text" name="first_name" placeholder="\xc4\xb0sim *" required class="w-full rounded-xl border-gray-200 shadow-sm focus:border-brand-pink focus:ring-2 focus:ring-pink-200 py-3.5 px-4 text-sm transition-all hover:border-gray-300">\n                             <input type="text" name="last_name" placeholder="Soyisim *" required class="w-full rounded-xl border-gray-200 shadow-sm focus:border-brand-pink focus:ring-2 focus:ring-pink-200 py-3.5 px-4 text-sm transition-all hover:border-gray-300">\n                         </div>\n                         <input type="tel" name="phone" placeholder="Telefon Numaras\xc4\xb1 *" required class="w-full rounded-xl border-gray-200 shadow-sm focus:border-brand-pink focus:ring-2 focus:ring-pink-200 py-3.5 px-4 text-sm transition-all hover:border-gray-300">\n                    </div>\n\n                    <div class="space-y-3 pt-2">\n                          <label class="text-[10px] font-bold text-gray-400 uppercase tracking-wider ml-1">Adres Bilgileri</label>\n                          <div class="space-y-3">\n                             <div class="grid grid-cols-2 gap-3">\n                                 <select name="city" required \n                                     hx-get="/ajax/get-districts/" \n                                     hx-trigger="change"\n                                     hx-include="this"\n                                     hx-target="#district-select" \n                                     hx-swap="innerHTML"\n                                     class="w-full rounded-xl border-gray-200 shadow-sm focus:border-brand-pink focus:ring-2 focus:ring-pink-200 py-3.5 px-4 text-sm bg-white text-gray-600 transition-all hover:border-gray-300">\n                                     <option value="">\xc4\xb0l Se\xc3\xa7in</option>\n                                     \n                                     <option value="1">Istanbul</option>\n                                     \n                                 </select>\n\n                                 <select name="district" id="district-select" required\n                                     hx-get="/ajax/get-neighborhoods/"\n                                     hx-trigger="change"\n                                     hx-include="this"\n                                     hx-target="#neighborhood-select"\n                                     hx-swap="innerHTML"\n                                     class="w-full rounded-xl border-gray-200 shadow-sm focus:border-brand-pink focus:ring-2 focus:ring-pink-200 py-3.5 px-4 text-sm bg-white text-gray-600 transition-all hover:border-gray-300">\n                                     <option value="">\xc4\xb0l\xc3\xa7e Se\xc3\xa7in</option>\n                                 </select>\n                             </div>\n                             \n                             <select name="neighborhood" id="neighborhood-select" required \n                                 class="w-full rounded-xl border-gray-200 shadow-sm focus:border-brand-pink focus:ring-2 focus:ring-pink-200 py-3.5 px-4 text-sm bg-white text-gray-600 transition-all hover:border-gray-300">\n                                 <option value="">Mahalle Se\xc3\xa7in</option>\n                             </select>\n\n                             <textarea name="address_detail" rows="3" placeholder="Adres Detay\xc4\xb1 *" required class="w-full rounded-xl border-gray-200 shadow-sm focus:border-brand-pink focus:ring-2 focus:ring-pink-200 py-3.5 px-4 text-sm transition-all hover:border-gray-300"></textarea>\n                         </div>\n                    </div>\n                </div>\n                \n                <!-- Sipari\xc5\x9f \xc3\x96zeti -->\n                <div class="mt-8 bg-gradient-to-br from-brand-pink/10 to-brand-purple/10 rounded-2xl p-5 border border-brand-pink/20">\n                     <div class="flex items-center gap-2 mb-4">\n                         <svg class="w-5 h-5 text-brand-pink" fill="currentColor" viewBox="0 0 20 20"><path fill-rule="evenodd" d="M6 2a1 1 0 00-1 1v1H4a2 2 0 00-2 2v10a2 2 0 002 2h12a2 2 0 002-2V6a2 2 0 00-2-2h-1V3a1 1 0 10-2 0v1H7V3a1 1 0 00-1-1zm0 5a1 1 0 000 2h8a1 1 0 100-2H6z" clip-rule="evenodd"/></svg>\n                         <h3 class="text-sm font-bold text-gray-900">Sipari\xc5\x9f \xc3\x96zeti</h3>\n                     </div>\n\n                     <div class="space-y-3">\n                         <div class="flex justify-between items-center">\n                             <span class="text-sm text-gray-600">Kampanya Fiyat\xc4\xb1</span>\n                             <span class="font-bold text-gray-900">150\xe2\x82\xba</span>\n                         </div>\n                         <div class="flex justify-between items-center">\n                             <span class="text-sm text-gray-600">Kargo</span>\n                             \n                                 <div class="flex items-center gap-2">\n                                     \n                                         <span class="text-xs text-gray-400 line-through">100\xe2\x82\xba</span>\n                                     \n                             <span class="text-xs font-bold bg-gradient-to-r from-green-500 to-green-600 text-white px-3 py-1 rounded-full">\xc3\x9cCRETS\xc4\xb0Z</span>\n                                 </div>\n                             \n                         </div>\n                         <div class="flex justify-between items-center">\n                             <span class="text-sm text-gray-600">Kap\xc4\xb1da \xc3\x96deme</span>\n                             \n                                 <div class="flex items-center gap-2">\n                                     \n                                         <span class="text-xs text-gray-400 line-through">100\xe2\x82\xba</span>\n                                     \n                                     <span class="font-bold text-gray-900">85\xe2\x82\xba</span>\n                                 </div>\n                             \n                         </div>\n                         <div class="pt-4 border-t border-brand-pink/20 flex justify-between items-center">\n                             <span class="text-base font-bold text-gray-900">Toplam</span>\n                             <span class="text-2xl font-black gradient-text">235\xe2\x82\xba</span>\n                         </div>\n                     </div>\n                </div>\n\n                <div class="mt-6">\n                     <button type="submit" \n                         class="w-full bg-gradient-to-r from-brand-pink to-brand-purple text-white py-4 rounded-2xl font-bold text-lg shadow-2xl hover:shadow-3xl transform hover:scale-[1.02] active:scale-[0.98] transition-all flex items-center justify-center gap-2 relative overflow-hidden group"\n                         :class="{\'opacity-75 cursor-wait\': submitting}"\n                         :disabled="submitting">\n                         <!-- Animated Background -->\n                         <div class="absolute inset-0 bg-gradient-to-r from-brand-purple to-brand-pink opacity-0 group-hover:opacity-100 transition-opacity duration-300"></div>\n                         \n                         <svg class="w-6 h-6 relative z-10" fill="none" stroke="currentColor" viewBox="0 0 24 24"><path stroke-linecap="round" stroke-linejoin="round" stroke-width="2" d="M3 3h2l.4 2M7 13h10l4-8H5.4M7 13L5.4 5M7 13l-2.293 2.293c-.63.63-.184 1.707.707 1.707H17m0 0a2 2 0 100 4 2 2 0 000-4zm-8 2a2 2 0 11-4 0 2 2 0 014 0z"></path></svg>\n                         <span x-show="!submitting" class="relative z-10">Sipari\xc5\x9fi Tamamla</span>\n                         <span x-show="submitting" x-cloak class="flex items-center relative z-10">\n                             <svg class="animate-spin -ml-1 mr-2 h-5 w-5 text-white" xmlns="http://www.w3.org/2000/svg" fill="none" viewBox="0 0 24 24">\n                                 <circle class="opacity-25" cx="12" cy="12" r="10" stroke="currentColor" stroke-width="4"></circle>\n                                 <path class="opacity-75" fill="currentColor" d="M4 12a8 8 0 018-8V0C5.373 0 0 5.373 0 12h4zm2 5.291A7.962 7.962 0 014 12H0c0 3.042 1.135 5.824 3 7.938l3-2.647z"></path>\n                             </svg>\n                             \xc4\xb0\xc5\x9fleniyor...\n                         </span>\n                     </button>\n                     \n                     <div class="mt-4 bg-blue-50 p-3 rounded-lg flex items-start gap-3 border border-blue-100">\n                         <svg class="w-5 h-5 text-blue-500 mt-0.5" fill="none" stroke="currentColor" viewBox="0 0 24 24"><path stroke-linecap="round" stroke-linejoin="round" stroke-width="2" d="M13 16h-1v-4h-1m1-4h.01M21 12a9 9 0 11-18 0 9 9 0 0118 0z"></path></svg>\n                         <p class="text-[10px] text-blue-800 leading-relaxed">\n                             <strong>Kap\xc4\xb1da \xc3\x96deme Sistemi & \xc4\xb0ade Hakk\xc4\xb1</strong><br>\n                             Sipari\xc5\x9flerinizi 14 g\xc3\xbcn i\xc3\xa7inde iade etme hakk\xc4\xb1n\xc4\xb1z bulunmaktad\xc4\xb1r.\n                         </p>\n                     </div>\n                </div>\n\n            </form>\n        </div>\n\n        <!-- SSS B\xc3\xb6l\xc3\xbcm\xc3\xbc (Enhanced) -->\n        <div class="mt-12 max-w-md mx-auto mb-12">\n            <div class="flex items-center gap-3 mb-6">\n                <div class="w-10 h-10 bg-gradient-to-br from-brand-purple to-brand-pink rounded-full flex items-center justify-center">\n                    <svg class="w-5 h-5 text-white" fill="currentColor" viewBox="0 0 20 20"><path fill-rule="evenodd" d="M18 10a8 8 0 11-16 0 8 8 0 0116 0zm-8-3a1 1 0 00-.867.5 1 1 0 11-1.731-1A3 3 0 0113 8a3.001 3.001 0 01-2 2.83V11a1 1 0 11-2 0v-1a1 1 0 011-1 1 1 0 100-2zm0 8a1 1 0 100-2 1 1 0 000 2z" clip-rule="evenodd"/></svg>\n                </div>\n                <h3 class="text-lg font-black text-gray-900">S\xc4\xb1k\xc3\xa7a Sorulan Sorular</h3>\n            </div>\n            \n            <div class="space-y-3" x-data="{ active: null }">\n                <div class="glass-white rounded-2xl overflow-hidden border border-white/20 transition-all hover:shadow-lg">\n                    <button @click="active = active === 1 ? null : 1" class="w-full p-4 text-left flex justify-between items-center group">\n                        <span class="text-sm font-bold text-gray-800 group-hover:text-brand-pink transition-colors">Tekli olarak alabilir miyim?</span>\n                        <svg class="w-4 h-4 transform transition-all text-gray-400 group-hover:text-brand-pink" :class="active === 1 ? \'rotate-180\' : \'\'" fill="none" stroke="currentColor" viewBox="0 0 24 24"><path stroke-linecap="round" stroke-linejoin="round" stroke-width="2" d="M19 9l-7 7-7-7"></path></svg>\n                    </button>\n                    <div x-show="active === 1" x-collapse class="px-4 pb-4 text-sm text-gray-600 border-t border-gray-100">\n                        Bu kampanya paket olarak sat\xc4\xb1lmaktad\xc4\xb1r. En az 1 adet se\xc3\xa7melisiniz.\n                    </div>\n                </div>\n                \n                <div class="glass-white rounded-2xl overflow-hidden border border-white/20 transition-all hover:shadow-lg">\n                    <button @click="active = active === 2 ? null : 2" class="w-full p-4 text-left flex justify-between items-center group">\n                        <span class="text-sm font-bold text-gray-800 group-hover:text-brand-pink transition-colors">Sipari\xc5\x9fim ka\xc3\xa7 g\xc3\xbcnde gelir?</span>\n                        <svg class="w-4 h-4 transform transition-all text-gray-400 group-hover:text-brand-pink" :class="active === 2 ? \'rotate-180\' : \'\'" fill="none" stroke="currentColor" viewBox="0 0 24 24"><path stroke-linecap="round" stroke-linejoin="round" stroke-width="2" d="M19 9l-7 7-7-7"></path></svg>\n                    </button>\n                    <div x-show="active === 2" x-collapse class="px-4 pb-4 text-sm text-gray-600 border-t border-gray-100">\n                        Sipari\xc5\x9fleriniz 1-3 i\xc5\x9f g\xc3\xbcn\xc3\xbc i\xc3\xa7erisinde kargoya teslim edilmektedir.\n                    </div>\n                </div>\n\n                <div class="glass-white rounded-2xl overflow-hidden border border-white/20 transition-all hover:shadow-lg">\n                    <button @click="active = active === 3 ? null : 3" class="w-full p-4 text-left flex justify-between items-center group">\n                        <span class="text-sm font-bold text-gray-800 group-hover:text-brand-pink transition-colors">\xc4\xb0ade ve de\xc4\x9fi\xc5\x9fim var m\xc4\xb1?</span>\n                        <svg class="w-4 h-4 transform transition-all text-gray-400 group-hover:text-brand-pink" :class="active === 3 ? \'rotate-180\' : \'\'" fill="none" stroke="currentColor" viewBox="0 0 24 24"><path stroke-linecap="round" stroke-linejoin="round" stroke-width="2" d="M19 9l-7 7-7-7"></path></svg>\n                    </button>\n                    <div x-show="active === 3" x-collapse class="px-4 pb-4 text-sm text-gray-600 border-t border-gray-100">\n                        Evet, 14 g\xc3\xbcn i\xc3\xa7inde ko\xc5\x9fulsuz iade hakk\xc4\xb1n\xc4\xb1z vard\xc4\xb1r. \xc3\x9cr\xc3\xbcnlerinizi hi\xc3\xa7 a\xc3\xa7madan, etiketi ile birlikte iade edebilirsiniz.\n                    </div>\n                </div>\n            </div>\n        </div>\n\n    </div>\n</div>\n\n    </main>\n\n    <!-- Footer (Enhanced) -->\n    <footer class="relative mt-16 py-12 overflow-hidden">\n        <!-- Gradient Background -->\n        <div class="absolute inset-0 bg-gradient-to-br from-gray-50 via-white to-brand-pink/5"></div>\n        \n        <div class="container mx-auto px-4 relative z-10">\n            <div class="grid grid-cols-2 md:grid-cols-4 gap-8 mb-12">\n                <div class="flex flex-col items-center group">\n                    <div class="w-16 h-16 bg-gradient-to-br from-green-400 to-green-600 rounded-2xl flex items-center justify-center mb-3 shadow-lg transform group-hover:scale-110 transition-all">\n                        <svg class="w-8 h-8 text-white" fill="none" stroke="currentColor" viewBox="0 0 24 24"><path stroke-linecap="round" stroke-linejoin="round" stroke-width="2" d="M5 13l4 4L19 7"></path></svg>\n                    </div>\n                    <span class="font-bold text-gray-800">\xc3\x9ccretsiz Kargo</span>\n                    <span class="text-xs text-gray-500 mt-1">T\xc3\xbcm sipari\xc5\x9flerde</span>\n                </div>\n                <div class="flex flex-col items-center group">\n                    <div class="w-16 h-16 bg-gradient-to-br from-blue-400 to-blue-600 rounded-2xl flex items-center justify-center mb-3 shadow-lg transform group-hover:scale-110 transition-all">\n                        <svg class="w-8 h-8 text-white" fill="none" stroke="currentColor" viewBox="0 0 24 24"><path stroke-linecap="round" stroke-linejoin="round" stroke-width="2" d="M16 11V7a4 4 0 00-8 0v4M5 9h14l1 12H4L5 9z"></path></svg>\n                    </div>\n                    <span class="font-bold text-gray-800">14 G\xc3\xbcn \xc4\xb0ade</span>\n                    <span class="text-xs text-gray-500 mt-1">Ko\xc5\x9fulsuz iade garantisi</span>\n                </div>\n                <div class="flex flex-col items-center group">\n                    <div class="w-16 h-16 bg-gradient-to-br from-yellow-400 to-orange-600 rounded-2xl flex items-center justify-center mb-3 shadow-lg transform group-hover:scale-110 transition-all">\n                        <svg class="w-8 h-8 text-white" fill="none" stroke="currentColor" viewBox="0 0 24 24"><path stroke-linecap="round" stroke-linejoin="round" stroke-width="2" d="M17 9V7a2 2 0 00-2-2H5a2 2 0 00-2 2v6a2 2 0 002 2h2m2 4h10a2 2 0 002-2v-6a2 2 0 00-2-2H9a2 2 0 00-2 2v6a2 2 0 002 2zm7-5a2 2 0 11-4 0 2 2 0 014 0z"></path></svg>\n                    </div>\n                    <span class="font-bold text-gray-800">Kap\xc4\xb1da \xc3\x96deme</span>\n                    <span class="text-xs text-gray-500 mt-1">G\xc3\xbcvenli al\xc4\xb1\xc5\x9fveri\xc5\x9f</span>\n                </div>\n                <div class="flex flex-col items-center group">\n                    <div class="w-16 h-16 bg-gradient-to-br from-purple-400 to-purple-600 rounded-2xl flex items-center justify-center mb-3 shadow-lg transform group-hover:scale-110 transition-all">\n                        <svg class="w-8 h-8 text-white" fill="none" stroke="currentColor" viewBox="0 0 24 24"><path stroke-linecap="round" stroke-linejoin="round" stroke-width="2" d="M9 12l2 2 4-4m5.618-4.016A11.955 11.955 0 0112 2.944a11.955 11.955 0 01-8.618 3.04A12.02 12.02 0 003 9c0 5.591 3.824 10.29 9 11.622 5.176-1.332 9-6.03 9-11.622 0-1.042-.133-2.052-.382-3.016z"></path></svg>\n                    </div>\n                    <span class="font-bold text-gray-800">SSL G\xc3\xbcvenlik</span>\n                    <span class="text-xs text-gray-500 mt-1">256 bit \xc5\x9fifreleme</span>\n                </div>\n            </div>\n            \n            <div class="text-center pt-8 border-t border-gray-200">\n                <h2 class="text-2xl font-black gradient-text mb-2">\xc4\xb0F\xc4\xb0 BUT\xc4\xb0K</h2>\n                <p class="text-sm text-gray-500">&copy; 2024 T\xc3\xbcm haklar\xc4\xb1 sakl\xc4\xb1d\xc4\xb1r.</p>\n            </div>\n        </div>\n    </footer>\n\n    \n<script>\n// HTMX CSRF Configuration for Django (if needed for POST requests)\ndocument.body.addEventListener(\'htmx:configRequest\', (event) => {\n    const csrftoken = document.querySelector(\'[name=csrfmiddlewaretoken]\')?.value;\n    if (csrftoken) {\n        event.detail.headers[\'X-CSRFToken\'] = csrftoken;\n    }\n});\n\nfunction campaignStore() {\n    return {\n        minQty: 1,\n        selectedProducts: Array(1).fill(null),\n        commonSize: "",\n        totalSelected: 0,\n        showSizeError: false,\n        \n        isProductSelected(productId) {\n            return this.selectedProducts.some(p => p && p.id === productId);\n        },\n        \n        toggleProduct(product) {\n            const isSelected = this.isProductSelected(product.id);\n            \n            if (isSelected) {\n                // \xc3\x9cr\xc3\xbcn\xc3\xbc kald\xc4\xb1r\n                const index = this.selectedProducts.findIndex(p => p && p.id === product.id);\n                if (index !== -1) {\n                    this.selectedProducts[index] = null;\n                    this.totalSelected--;\n                }\n            } else {\n                // \xc3\x9cr\xc3\xbcn\xc3\xbc ekle\n                if (this.totalSelected < this.minQty) {\n                    const emptyIndex = this.selectedProducts.findIndex(p => p === null);\n                    if (emptyIndex !== -1) {\n                        this.selectedProducts[emptyIndex] = product;\n                        this.totalSelected++;\n                    }\n                } else {\n                    document.getElementById(\'selected-products-area\').scrollIntoView({ behavior: \'smooth\', block: \'center\' });\n                }\n            }\n        },\n        \n        addProduct(product) {\n            if (this.totalSelected < this.minQty) {\n                const emptyIndex = this.selectedProducts.findIndex(p => p === null);\n                if (emptyIndex !== -1) {\n                    this.selectedProducts[emptyIndex] = product;\n                    this.totalSelected++;\n                }\n            } else {\n                document.getElementById(\'selected-products-area\').scrollIntoView({ behavior: \'smooth\', block: \'center\' });\n            }\n        },\n        \n        removeProduct(index) {\n            this.selectedProducts[index] = null;\n            this.totalSelected--;\n        }\n    }\n}\n</script>\n\n    \n    <script>\n        // Ripple effect for buttons\n        document.addEventListener(\'alpine:init\', () => {\n            Alpine.directive(\'ripple\', (el) => {\n                el.style.position = \'relative\';\n                el.style.overflow = \'hidden\';\n                \n                el.addEventListener(\'click\', function(e) {\n                    const rect = el.getBoundingClientRect();\n                    const ripple = document.createElement(\'span\');\n                    const size = Math.max(rect.width, rect.height);\n                    const x = e.clientX - rect.left - size / 2;\n                    const y = e.clientY - rect.top - size / 2;\n                    \n                    ripple.style.width = ripple.style.height = size + \'px\';\n                    ripple.style.left = x + \'px\';\n                    ripple.style.top = y + \'px\';\n                    ripple.classList.add(\'ripple\');\n                    \n                    el.appendChild(ripple);\n                    \n                    setTimeout(() => {\n                        ripple.remove();\n                    }, 600);\n                });\n            });\n        });\n    </script>\n</body>\n</html>\n\n'

----------------------------------------------------------------------
Ran 5 tests in 0.013s

FAILED (failures=1)
Destroying test database for alias 'default' ('file:memorydb_default?mode=memory&cache=shared')...
 OK
System check identified no issues (0 silenced).
